// Jest Snapshot v1, https://goo.gl/fbAQLP

exports[`renders without crashing renders correctly 1`] = `ShallowWrapper {}`;
